CRITICAL - 2026-07-18 02:32:49 --> ErrorException: Undefined variable $product
[Method: GET, Route: /]
in APPPATH/Views/product_view.php on line 20.
 1 APPPATH/Views/product_view.php(20): CodeIgniter\Debug\Exceptions->errorHandler(2, 'Undefined variable $product', '/var/www/html/app/Views/product_view.php', 20)
 2 SYSTEMPATH/View/View.php(240): include('/var/www/html/app/Views/product_view.php')
 3 SYSTEMPATH/View/View.php(243): CodeIgniter\View\View->CodeIgniter\View\{closure}()
 4 SYSTEMPATH/Common.php(1268): CodeIgniter\View\View->render('product_view', [], true)
 5 APPPATH/Controllers/Home.php(9): view('product_view')
 6 SYSTEMPATH/CodeIgniter.php(974): App\Controllers\Home->index()
 7 SYSTEMPATH/CodeIgniter.php(520): CodeIgniter\CodeIgniter->runController(Object(App\Controllers\Home))
 8 SYSTEMPATH/CodeIgniter.php(363): CodeIgniter\CodeIgniter->handleRequest(null, Object(Config\Cache), false)
 9 SYSTEMPATH/Boot.php(417): CodeIgniter\CodeIgniter->run()
10 SYSTEMPATH/Boot.php(68): CodeIgniter\Boot::runCodeIgniter(Object(CodeIgniter\CodeIgniter))
11 FCPATH/index.php(59): CodeIgniter\Boot::bootWeb(Object(Config\Paths))
CRITICAL - 2026-07-18 18:56:25 --> ErrorException: Cannot declare class App\Database\Migrations\Clients, because the name is already in use
[Method: CLI, Route: migrate]
in APPPATH/Database/Migrations/2026-07-18-185607_Clients.php on line 7.
 1 [internal function]: CodeIgniter\Debug\Exceptions->shutdownHandler()
CRITICAL - 2026-07-18 19:58:35 --> CodeIgniter\View\Exceptions\ViewException: Invalid file: "product_view.php"
[Method: GET, Route: /]
in SYSTEMPATH/Exceptions/FrameworkException.php on line 39.
 1 SYSTEMPATH/View/View.php(228): CodeIgniter\Exceptions\FrameworkException::forInvalidFile('product_view.php')
 2 SYSTEMPATH/Common.php(1268): CodeIgniter\View\View->render('product_view', [], true)
 3 APPPATH/Controllers/Home.php(9): view('product_view')
 4 SYSTEMPATH/CodeIgniter.php(974): App\Controllers\Home->index()
 5 SYSTEMPATH/CodeIgniter.php(520): CodeIgniter\CodeIgniter->runController(Object(App\Controllers\Home))
 6 SYSTEMPATH/CodeIgniter.php(363): CodeIgniter\CodeIgniter->handleRequest(null, Object(Config\Cache), false)
 7 SYSTEMPATH/Boot.php(417): CodeIgniter\CodeIgniter->run()
 8 SYSTEMPATH/Boot.php(68): CodeIgniter\Boot::runCodeIgniter(Object(CodeIgniter\CodeIgniter))
 9 FCPATH/index.php(59): CodeIgniter\Boot::bootWeb(Object(Config\Paths))
CRITICAL - 2026-07-18 19:59:10 --> CodeIgniter\View\Exceptions\ViewException: Invalid file: "product_view.php"
[Method: GET, Route: /]
in SYSTEMPATH/Exceptions/FrameworkException.php on line 39.
 1 SYSTEMPATH/View/View.php(228): CodeIgniter\Exceptions\FrameworkException::forInvalidFile('product_view.php')
 2 SYSTEMPATH/Common.php(1268): CodeIgniter\View\View->render('product_view', [], true)
 3 APPPATH/Controllers/Home.php(9): view('product_view')
 4 SYSTEMPATH/CodeIgniter.php(974): App\Controllers\Home->index()
 5 SYSTEMPATH/CodeIgniter.php(520): CodeIgniter\CodeIgniter->runController(Object(App\Controllers\Home))
 6 SYSTEMPATH/CodeIgniter.php(363): CodeIgniter\CodeIgniter->handleRequest(null, Object(Config\Cache), false)
 7 SYSTEMPATH/Boot.php(417): CodeIgniter\CodeIgniter->run()
 8 SYSTEMPATH/Boot.php(68): CodeIgniter\Boot::runCodeIgniter(Object(CodeIgniter\CodeIgniter))
 9 FCPATH/index.php(59): CodeIgniter\Boot::bootWeb(Object(Config\Paths))
